Script started on Fri May 17 21:44:12 2013
[?1034hbash-3.2$ ping google.com p[K[K
bash-3.2$ script plugin  install git://github.com/andre/geokit-rails.git
Script started, output file is plugin
usage: install [-bCcpSsv] [-B suffix] [-f flags] [-g group] [-m mode]
               [-o owner] file1 file2
       install [-bCcpSsv] [-B suffix] [-f flags] [-g group] [-m mode]
               [-o owner] file1 ... fileN directory
       install -d [-v] [-g group] [-m mode] [-o owner] directory ...

Script done, output file is plugin
bash-3.2$ script plugin  install git://github.com/andre/geokit-rails.git[C[C[C[C[C[C[C[C[C[C[C[C[C[C[C[C[C[C[C[C[C[C[C[C[C[1P
Script started, output file is plugin
usage: install [-bCcpSsv] [-B suffix] [-f flags] [-g group] [-m mode]
               [-o owner] file1 file2
       install [-bCcpSsv] [-B suffix] [-f flags] [-g group] [-m mode]
               [-o owner] file1 ... fileN directory
       install -d [-v] [-g group] [-m mode] [-o owner] directory ...

Script done, output file is plugin
bash-3.2$ script plugin install git://github.com/andre/geokit-rails.git[C[C[C[C[C[C[C[C[C[C[C[C[C[C[C[C[1P[C[1P[1@t[1@/
bash: script/plugin: No such file or directory
bash-3.2$ script/plugin install git://github.com/andre/geokit-rails.git[C[C[C[C[C[C[C[C[C[C[C[C[C[C[C[C [C[C[C[C[C[C[C[C[C[C[C[C[C[C[C[C[C[C[C[C[C[C[C[C[C[C[C[C[C[C[C[C[C[C[C[C[C[C[C[C[C[C[C[C[C[C[C[C[C[C[C[C[C[C
Script started, output file is plugin
usage: install [-bCcpSsv] [-B suffix] [-f flags] [-g group] [-m mode]
               [-o owner] file1 file2
       install [-bCcpSsv] [-B suffix] [-f flags] [-g group] [-m mode]
               [-o owner] file1 ... fileN directory
       install -d [-v] [-g group] [-m mode] [-o owner] directory ...

Script done, output file is plugin
bash-3.2$ script plugin install git://github.com/andre/geokit-rails.git[C[C[C[C[C[C[C[C[C[C[C[C[C[C[C[C[1P[1P[1P[1P[1P[1P[1@r[1@a[1@i[1@l[1@s
DEPRECATION WARNING: You have Rails 2.3-style plugins in vendor/plugins! Support for these plugins will be removed in Rails 4.0. Move them out and bundle them in your Gemfile, or fold them in to your app as lib/myplugin/* and config/initializers/myplugin.rb. See the release notes for more on this: http://weblog.rubyonrails.org/2012/01/04/rails-3-2-0-rc2-has-been-released. (called from <top (required)> at /Users/phil88530/Desktop/ruby/HouseSearcher/config/environment.rb:5)
Initialized empty Git repository in /Users/phil88530/Desktop/ruby/HouseSearcher/vendor/plugins/geokit-rails/.git/
fatal: remote error: 
  Repository not found.
bash-3.2$ rails plugin install git://github.com/andre/geokit-rails.git[K[K[K[K[K[K[K[K[K[K[K[K[K[K[K[K[K[K[K[K[K[K[K[K[K[K[K[K[K[K[K[K[K
bash-3.2$ sudo gem install geokit
Password:
Sorry, try again.
Password:
Successfully installed geokit-1.6.5
1 gem installed
Installing ri documentation for geokit-1.6.5...
Installing RDoc documentation for geokit-1.6.5...
bash-3.2$ bundle
Resolving dependencies...
Using rake (10.0.4) 
Using i18n (0.6.0) 
Using multi_json (1.1.0) 
Using activesupport (3.2.1) 
Using builder (3.0.0) 
Using activemodel (3.2.1) 
Using erubis (2.7.0) 
Using journey (1.0.3) 
Using rack (1.4.1) 
Using rack-cache (1.1) 
Using rack-test (0.6.1) 
Using hike (1.2.1) 
Using tilt (1.3.3) 
Using sprockets (2.1.2) 
Using actionpack (3.2.1) 
Using mime-types (1.17.2) 
Using polyglot (0.3.3) 
Using treetop (1.4.10) 
Using mail (2.4.1) 
Using actionmailer (3.2.1) 
Using arel (3.0.2) 
Using tzinfo (0.3.31) 
Using activerecord (3.2.1) 
Using activeresource (3.2.1) 
Using bundler (1.3.5) 
Using daemons (1.1.8) 
Using eventmachine (0.12.10) 
Using execjs (1.3.0) 
Using geokit (1.6.5) 
Using haml (3.1.4) 
Using rack-ssl (1.3.2) 
Using json (1.6.5) 
Using rdoc (3.12) 
Using thor (0.14.6) 
Using railties (3.2.1) 
Using haml-rails (0.3.4) 
Using pg (0.13.2) 
Using rails (3.2.1) 
Using sass (3.1.15) 
Using sass-rails (3.2.4) 
Using sqlite3 (1.3.5) 
Using thin (1.3.1) 
Using uglifier (1.2.3) 
[32mYour bundle is complete![0m
[32mUse `bundle show [gemname]` to see where a bundled gem is installed.[0m
bash-3.2$ bundlesudo gem install geokit[C[C[C[C[C[C[C[C[C[Crails plugin install git://github.com/andre/geokit-rails.git[C[C[C[C[C[C[C[C[C[C[1@script[C[C[C[C[C[C[C[C[C[C[C[C[C[C[C[C[C[C[C[C[C[C[C[C[C[C[C[C[C[C[C[C[C[C[C[C[C[C[C[C[C[C[C[C[C[C[C[C[C[C[C[C[C[C[C[C[C[C[C[C[C[C[C[C[C[C[1@r[1@u[1@b[1@y[1@ [C[C[C[C[C[C[C[1P[1@/
ruby: No such file or directory -- script/plugin (LoadError)
bash-3.2$ >ruby script/plugin install svn://rubyforge.org/var/svn/
bash: script/plugin: No such file or directory
bash-3.2$    geokit/trunk
bash: geokit/trunk: No such file or directory
bash-3.2$    geokit/trunk>ruby script/plugin install svn://rubyforge.org/var/svn/
bash: geokit/trunk: No such file or directory
bash-3.2$    geokit/trunk
bash-3.2$ 
bash-3.2$ >ruby script/plugin install svn://rubyforge.org/var/svn/
bash: script/plugin: No such file or directory
bash-3.2$    geokit/trunk
bash-3.2$ ruby script/plugin install svn://rubyforge.org/var/svn/
ruby: No such file or directory -- script/plugin (LoadError)
bash-3.2$    geokit/trunk
bash: geokit/trunk: No such file or directory
bash-3.2$ 
bash-3.2$ bundle
Resolving dependencies...
Using rake (10.0.4) 
Using i18n (0.6.0) 
Using multi_json (1.1.0) 
Using activesupport (3.2.1) 
Using builder (3.0.0) 
Using activemodel (3.2.1) 
Using erubis (2.7.0) 
Using journey (1.0.3) 
Using rack (1.4.1) 
Using rack-cache (1.1) 
Using rack-test (0.6.1) 
Using hike (1.2.1) 
Using tilt (1.3.3) 
Using sprockets (2.1.2) 
Using actionpack (3.2.1) 
Using mime-types (1.17.2) 
Using polyglot (0.3.3) 
Using treetop (1.4.10) 
Using mail (2.4.1) 
Using actionmailer (3.2.1) 
Using arel (3.0.2) 
Using tzinfo (0.3.31) 
Using activerecord (3.2.1) 
Using activeresource (3.2.1) 
Using bundler (1.3.5) 
Using daemons (1.1.8) 
Using eventmachine (0.12.10) 
Using execjs (1.3.0) 
Using geocoder (1.1.8) 
Using haml (3.1.4) 
Using rack-ssl (1.3.2) 
Using json (1.6.5) 
Using rdoc (3.12) 
Using thor (0.14.6) 
Using railties (3.2.1) 
Using haml-rails (0.3.4) 
Using pg (0.13.2) 
Using rails (3.2.1) 
Using sass (3.1.15) 
Using sass-rails (3.2.4) 
Using sqlite3 (1.3.5) 
Using thin (1.3.1) 
Using uglifier (1.2.3) 
[32mYour bundle is complete![0m
[32mUse `bundle show [gemname]` to see where a bundled gem is installed.[0m
bash-3.2$ i[Krails c
DEPRECATION WARNING: You have Rails 2.3-style plugins in vendor/plugins! Support for these plugins will be removed in Rails 4.0. Move them out and bundle them in your Gemfile, or fold them in to your app as lib/myplugin/* and config/initializers/myplugin.rb. See the release notes for more on this: http://weblog.rubyonrails.org/2012/01/04/rails-3-2-0-rc2-has-been-released. (called from <top (required)> at /Users/phil88530/Desktop/ruby/HouseSearcher/config/environment.rb:5)
Loading development environment (Rails 3.2.1)
1.9.3-p194 :001 > Geocoder.search("1 Twins Way, Minneapolis")
 => [#<Geocoder::Result::Google:0x007fb632b47c70 @data={"address_components"=>[{"long_name"=>"Twins Way", "short_name"=>"Twins Way", "types"=>["route"]}, {"long_name"=>"North Loop", "short_name"=>"North Loop", "types"=>["neighborhood", "political"]}, {"long_name"=>"Minneapolis", "short_name"=>"Minneapolis", "types"=>["locality", "political"]}, {"long_name"=>"Hennepin", "short_name"=>"Hennepin", "types"=>["administrative_area_level_2", "political"]}, {"long_name"=>"Minnesota", "short_name"=>"MN", "types"=>["administrative_area_level_1", "political"]}, {"long_name"=>"United States", "short_name"=>"US", "types"=>["country", "political"]}, {"long_name"=>"55403", "short_name"=>"55403", "types"=>["postal_code"]}], "formatted_address"=>"Twins Way, Minneapolis, MN 55403, USA", "geometry"=>{"bounds"=>{"northeast"=>{"lat"=>44.9807362, "lng"=>-93.2785451}, "southwest"=>{"lat"=>44.9775833, "lng"=>-93.2815351}}, "location"=>{"lat"=>44.9793305, "lng"=>-93.2805701}, "location_type"=>"GEOMETRIC_CENTER", "viewport"=>{"northeast"=>{"lat"=>44.9807362, "lng"=>-93.2785451}, "southwest"=>{"lat"=>44.9775833, "lng"=>-93.2815351}}}, "partial_match"=>true, "postcode_localities"=>[], "types"=>["route"]}, @cache_hit=nil>] 
1.9.3-p194 :002 > Property
 => Property(id: integer, name: string, bedroom: integer, latitude: float, longitude: float, created_at: datetime, updated_at: datetime) 
1.9.3-p194 :003 > rake db:drop
NameError: undefined local variable or method `drop' for main:Object
	from (irb):3
	from /Users/phil88530/.rvm/gems/ruby-1.9.3-p194/gems/railties-3.2.1/lib/rails/commands/console.rb:47:in `start'
	from /Users/phil88530/.rvm/gems/ruby-1.9.3-p194/gems/railties-3.2.1/lib/rails/commands/console.rb:8:in `start'
	from /Users/phil88530/.rvm/gems/ruby-1.9.3-p194/gems/railties-3.2.1/lib/rails/commands.rb:41:in `<top (required)>'
	from script/rails:6:in `require'
	from script/rails:6:in `<main>'
1.9.3-p194 :004 > ^D
bash-3.2$ rake db:drop
DEPRECATION WARNING: You have Rails 2.3-style plugins in vendor/plugins! Support for these plugins will be removed in Rails 4.0. Move them out and bundle them in your Gemfile, or fold them in to your app as lib/myplugin/* and config/initializers/myplugin.rb. See the release notes for more on this: http://weblog.rubyonrails.org/2012/01/04/rails-3-2-0-rc2-has-been-released. (called from <top (required)> at /Users/phil88530/Desktop/ruby/HouseSearcher/Rakefile:7)
Couldn't drop db/test.sqlite3 : #<Errno::ENOENT: No such file or directory - /Users/phil88530/Desktop/ruby/HouseSearcher/db/test.sqlite3>
bash-3.2$ rake db:migrate
DEPRECATION WARNING: You have Rails 2.3-style plugins in vendor/plugins! Support for these plugins will be removed in Rails 4.0. Move them out and bundle them in your Gemfile, or fold them in to your app as lib/myplugin/* and config/initializers/myplugin.rb. See the release notes for more on this: http://weblog.rubyonrails.org/2012/01/04/rails-3-2-0-rc2-has-been-released. (called from <top (required)> at /Users/phil88530/Desktop/ruby/HouseSearcher/Rakefile:7)
==  CreateProperties: migrating ===============================================
-- create_table(:properties)
   -> 0.0015s
==  CreateProperties: migrated (0.0016s) ======================================

bash-3.2$ rake db:seed
DEPRECATION WARNING: You have Rails 2.3-style plugins in vendor/plugins! Support for these plugins will be removed in Rails 4.0. Move them out and bundle them in your Gemfile, or fold them in to your app as lib/myplugin/* and config/initializers/myplugin.rb. See the release notes for more on this: http://weblog.rubyonrails.org/2012/01/04/rails-3-2-0-rc2-has-been-released. (called from <top (required)> at /Users/phil88530/Desktop/ruby/HouseSearcher/Rakefile:7)
rake aborted!
Can't mass-assign protected attributes: longitude
/Users/phil88530/.rvm/gems/ruby-1.9.3-p194/gems/activemodel-3.2.1/lib/active_model/mass_assignment_security/sanitizer.rb:48:in `process_removed_attributes'
/Users/phil88530/.rvm/gems/ruby-1.9.3-p194/gems/activemodel-3.2.1/lib/active_model/mass_assignment_security/sanitizer.rb:20:in `debug_protected_attribute_removal'
/Users/phil88530/.rvm/gems/ruby-1.9.3-p194/gems/activemodel-3.2.1/lib/active_model/mass_assignment_security/sanitizer.rb:12:in `sanitize'
/Users/phil88530/.rvm/gems/ruby-1.9.3-p194/gems/activemodel-3.2.1/lib/active_model/mass_assignment_security.rb:228:in `sanitize_for_mass_assignment'
/Users/phil88530/.rvm/gems/ruby-1.9.3-p194/gems/activerecord-3.2.1/lib/active_record/attribute_assignment.rb:75:in `assign_attributes'
/Users/phil88530/.rvm/gems/ruby-1.9.3-p194/gems/activerecord-3.2.1/lib/active_record/base.rb:495:in `initialize'
/Users/phil88530/.rvm/gems/ruby-1.9.3-p194/gems/activerecord-3.2.1/lib/active_record/persistence.rb:44:in `new'
/Users/phil88530/.rvm/gems/ruby-1.9.3-p194/gems/activerecord-3.2.1/lib/active_record/persistence.rb:44:in `create'
/Users/phil88530/.rvm/gems/ruby-1.9.3-p194/gems/activerecord-3.2.1/lib/active_record/persistence.rb:42:in `block in create'
/Users/phil88530/.rvm/gems/ruby-1.9.3-p194/gems/activerecord-3.2.1/lib/active_record/persistence.rb:42:in `collect'
/Users/phil88530/.rvm/gems/ruby-1.9.3-p194/gems/activerecord-3.2.1/lib/active_record/persistence.rb:42:in `create'
/Users/phil88530/Desktop/ruby/HouseSearcher/db/seeds.rb:9:in `<top (required)>'
/Users/phil88530/.rvm/gems/ruby-1.9.3-p194/gems/activesupport-3.2.1/lib/active_support/dependencies.rb:245:in `load'
/Users/phil88530/.rvm/gems/ruby-1.9.3-p194/gems/activesupport-3.2.1/lib/active_support/dependencies.rb:245:in `block in load'
/Users/phil88530/.rvm/gems/ruby-1.9.3-p194/gems/activesupport-3.2.1/lib/active_support/dependencies.rb:236:in `load_dependency'
/Users/phil88530/.rvm/gems/ruby-1.9.3-p194/gems/activesupport-3.2.1/lib/active_support/dependencies.rb:245:in `load'
/Users/phil88530/.rvm/gems/ruby-1.9.3-p194/gems/railties-3.2.1/lib/rails/engine.rb:520:in `load_seed'
/Users/phil88530/.rvm/gems/ruby-1.9.3-p194/gems/activerecord-3.2.1/lib/active_record/railties/databases.rake:306:in `block (2 levels) in <top (required)>'
/Users/phil88530/.rvm/gems/ruby-1.9.3-p194/gems/rake-10.0.4/lib/rake/task.rb:246:in `call'
/Users/phil88530/.rvm/gems/ruby-1.9.3-p194/gems/rake-10.0.4/lib/rake/task.rb:246:in `block in execute'
/Users/phil88530/.rvm/gems/ruby-1.9.3-p194/gems/rake-10.0.4/lib/rake/task.rb:241:in `each'
/Users/phil88530/.rvm/gems/ruby-1.9.3-p194/gems/rake-10.0.4/lib/rake/task.rb:241:in `execute'
/Users/phil88530/.rvm/gems/ruby-1.9.3-p194/gems/rake-10.0.4/lib/rake/task.rb:184:in `block in invoke_with_call_chain'
/Users/phil88530/.rvm/gems/ruby-1.9.3-p194/gems/rake-10.0.4/lib/rake/task.rb:177:in `invoke_with_call_chain'
/Users/phil88530/.rvm/gems/ruby-1.9.3-p194/gems/rake-10.0.4/lib/rake/task.rb:170:in `invoke'
/Users/phil88530/.rvm/gems/ruby-1.9.3-p194/gems/rake-10.0.4/lib/rake/application.rb:143:in `invoke_task'
/Users/phil88530/.rvm/gems/ruby-1.9.3-p194/gems/rake-10.0.4/lib/rake/application.rb:101:in `block (2 levels) in top_level'
/Users/phil88530/.rvm/gems/ruby-1.9.3-p194/gems/rake-10.0.4/lib/rake/application.rb:101:in `each'
/Users/phil88530/.rvm/gems/ruby-1.9.3-p194/gems/rake-10.0.4/lib/rake/application.rb:101:in `block in top_level'
/Users/phil88530/.rvm/gems/ruby-1.9.3-p194/gems/rake-10.0.4/lib/rake/application.rb:110:in `run_with_threads'
/Users/phil88530/.rvm/gems/ruby-1.9.3-p194/gems/rake-10.0.4/lib/rake/application.rb:95:in `top_level'
/Users/phil88530/.rvm/gems/ruby-1.9.3-p194/gems/rake-10.0.4/lib/rake/application.rb:73:in `block in run'
/Users/phil88530/.rvm/gems/ruby-1.9.3-p194/gems/rake-10.0.4/lib/rake/application.rb:160:in `standard_exception_handling'
/Users/phil88530/.rvm/gems/ruby-1.9.3-p194/gems/rake-10.0.4/lib/rake/application.rb:70:in `run'
Tasks: TOP => db:seed
(See full trace by running task with --trace)
bash-3.2$ ac [Kk longitude
[1;32mapp/models/property.rb[0m
[1;33m7[0m:     :[30;43mlongitude[0m => :longtitude[0m[K

[1;32mdb/seeds.rb[0m
[1;33m13[0m:  :[30;43mlongitude[0m => -0.142000},[0m[K
[1;33m19[0m:  :[30;43mlongitude[0m => -0.205500},[0m[K
[1;33m25[0m:  :[30;43mlongitude[0m => -0.086667},[0m[K
[1;33m31[0m:  :[30;43mlongitude[0m => -0.013333},[0m[K
[1;33m37[0m:  :[30;43mlongitude[0m => -5.746944}[0m[K

[1;32mtest/fixtures/properties.yml[0m
[1;33m7[0m:  [30;43mlongitude[0m: 1.5[0m[K
[1;33m13[0m:  [30;43mlongitude[0m: 1.5[0m[K

[1;32mvendor/plugins/geokit-rails3/lib/geokit-rails3/acts_as_mappable.old.rb[0m
[1;33m10[0m:  #   1. a two-element array of latititude/[30;43mlongitude[0m -- :origin=>[37.792,-122.393][0m[K
[1;33m12[0m:  #   3. an object which responds to lat and lng methods, or latitude and [30;43mlongitude[0m methods,[0m[K
[1;33m309[0m:      # it.  If there is no origin, looks for latitude and [30;43mlongitude[0m values to [0m[K
[1;33m391[0m:        lng_degree_units = units_per_[30;43mlongitude[0m_degree(origin.lat, units)[0m[K

[1;32mvendor/plugins/geokit-rails3/lib/geokit-rails3/acts_as_mappable.rb[0m
[1;33m192[0m:      # it.  If there is no origin, looks for latitude and [30;43mlongitude[0m values to[0m[K
[1;33m272[0m:        lng_degree_units = units_per_[30;43mlongitude[0m_degree(origin.lat, units)[0m[K

[1;32mvendor/plugins/geokit-rails3/test/fixtures/custom_locations.yml[0m
[1;33m9[0m:  [30;43mlongitude[0m: -96.958444[0m[K
[1;33m18[0m:  [30;43mlongitude[0m: -96.958444[0m[K
[1;33m27[0m:  [30;43mlongitude[0m: -96.958444[0m[K
[1;33m36[0m:  [30;43mlongitude[0m: -96.958444[0m[K
[1;33m45[0m:  [30;43mlongitude[0m: -96.990159[0m[K
[1;33m54[0m:  [30;43mlongitude[0m: -96.958444[0m[K

[1;32mvendor/plugins/geokit-rails3/test/models/custom_location.rb[0m
[1;33m7[0m:                   :lng_column_name => '[30;43mlongitude[0m'[0m[K
[1;33m10[0m:    "lat: #{latitude} lng: #{[30;43mlongitude[0m} dist: #{dist}"[0m[K

[1;32mvendor/plugins/geokit-rails3/test/schema.rb[0m
[1;33m23[0m:    t.column :[30;43mlongitude[0m,   :decimal, :precision => 15, :scale => 10[0m[K
bash-3.2$ bundle
Using rake (10.0.4) 
Using i18n (0.6.0) 
Using multi_json (1.1.0) 
Using activesupport (3.2.1) 
Using builder (3.0.0) 
Using activemodel (3.2.1) 
Using erubis (2.7.0) 
Using journey (1.0.3) 
Using rack (1.4.1) 
Using rack-cache (1.1) 
Using rack-test (0.6.1) 
Using hike (1.2.1) 
Using tilt (1.3.3) 
Using sprockets (2.1.2) 
Using actionpack (3.2.1) 
Using mime-types (1.17.2) 
Using polyglot (0.3.3) 
Using treetop (1.4.10) 
Using mail (2.4.1) 
Using actionmailer (3.2.1) 
Using arel (3.0.2) 
Using tzinfo (0.3.31) 
Using activerecord (3.2.1) 
Using activeresource (3.2.1) 
Using daemons (1.1.8) 
Using eventmachine (0.12.10) 
Using execjs (1.3.0) 
Using geocoder (1.1.8) 
Using haml (3.1.4) 
Using rack-ssl (1.3.2) 
Using json (1.6.5) 
Using rdoc (3.12) 
Using thor (0.14.6) 
Using railties (3.2.1) 
Using haml-rails (0.3.4) 
Using pg (0.13.2) 
Using bundler (1.3.5) 
Using rails (3.2.1) 
Using sass (3.1.15) 
Using sass-rails (3.2.4) 
Using sqlite3 (1.3.5) 
Using thin (1.3.1) 
Using uglifier (1.2.3) 
[32mYour bundle is complete![0m
[32mUse `bundle show [gemname]` to see where a bundled gem is installed.[0m
bash-3.2$ rails c
DEPRECATION WARNING: You have Rails 2.3-style plugins in vendor/plugins! Support for these plugins will be removed in Rails 4.0. Move them out and bundle them in your Gemfile, or fold them in to your app as lib/myplugin/* and config/initializers/myplugin.rb. See the release notes for more on this: http://weblog.rubyonrails.org/2012/01/04/rails-3-2-0-rc2-has-been-released. (called from <top (required)> at /Users/phil88530/Desktop/ruby/HouseSearcher/config/environment.rb:5)
Loading development environment (Rails 3.2.1)
1.9.3-p194 :001 > Geocoder::Calculations.geographic_center()[)])5])1]).])5])2])3])7])7])8]),])-])0]).])2])0])5])5])0])0])
 => [NaN, NaN] 
1.9.3-p194 :002 > Geocoder::Calculations.geographic_center([51.523778,-0.205500])^C
1.9.3-p194 :002 > Geocoder.search())[K51.523778,-0.205500_[K)
NoMethodError: undefined method `[]' for -0.2055:Float
	from /Users/phil88530/.rvm/gems/ruby-1.9.3-p194/gems/geocoder-1.1.8/lib/geocoder/query.rb:100:in `params_given?'
	from /Users/phil88530/.rvm/gems/ruby-1.9.3-p194/gems/geocoder-1.1.8/lib/geocoder/query.rb:49:in `blank?'
	from /Users/phil88530/.rvm/gems/ruby-1.9.3-p194/gems/geocoder-1.1.8/lib/geocoder.rb:20:in `search'
	from (irb):2
	from /Users/phil88530/.rvm/gems/ruby-1.9.3-p194/gems/railties-3.2.1/lib/rails/commands/console.rb:47:in `start'
	from /Users/phil88530/.rvm/gems/ruby-1.9.3-p194/gems/railties-3.2.1/lib/rails/commands/console.rb:8:in `start'
	from /Users/phil88530/.rvm/gems/ruby-1.9.3-p194/gems/railties-3.2.1/lib/rails/commands.rb:41:in `<top (required)>'
	from script/rails:6:in `require'
	from script/rails:6:in `<main>'
1.9.3-p194 :003 > Properti[Ky.first
  [1m[36mProperty Load (0.2ms)[0m  [1mSELECT "properties".* FROM "properties" LIMIT 1[0m
 => nil 
1.9.3-p194 :004 > Property.first
  [1m[35mProperty Load (0.2ms)[0m  SELECT "properties".* FROM "properties" LIMIT 1
 => nil 
1.9.3-p194 :005 > ^D
bash-3.2$ rake db:seed
DEPRECATION WARNING: You have Rails 2.3-style plugins in vendor/plugins! Support for these plugins will be removed in Rails 4.0. Move them out and bundle them in your Gemfile, or fold them in to your app as lib/myplugin/* and config/initializers/myplugin.rb. See the release notes for more on this: http://weblog.rubyonrails.org/2012/01/04/rails-3-2-0-rc2-has-been-released. (called from <top (required)> at /Users/phil88530/Desktop/ruby/HouseSearcher/Rakefile:7)
rake aborted!
Can't mass-assign protected attributes: longitude
/Users/phil88530/.rvm/gems/ruby-1.9.3-p194/gems/activemodel-3.2.1/lib/active_model/mass_assignment_security/sanitizer.rb:48:in `process_removed_attributes'
/Users/phil88530/.rvm/gems/ruby-1.9.3-p194/gems/activemodel-3.2.1/lib/active_model/mass_assignment_security/sanitizer.rb:20:in `debug_protected_attribute_removal'
/Users/phil88530/.rvm/gems/ruby-1.9.3-p194/gems/activemodel-3.2.1/lib/active_model/mass_assignment_security/sanitizer.rb:12:in `sanitize'
/Users/phil88530/.rvm/gems/ruby-1.9.3-p194/gems/activemodel-3.2.1/lib/active_model/mass_assignment_security.rb:228:in `sanitize_for_mass_assignment'
/Users/phil88530/.rvm/gems/ruby-1.9.3-p194/gems/activerecord-3.2.1/lib/active_record/attribute_assignment.rb:75:in `assign_attributes'
/Users/phil88530/.rvm/gems/ruby-1.9.3-p194/gems/activerecord-3.2.1/lib/active_record/base.rb:495:in `initialize'
/Users/phil88530/.rvm/gems/ruby-1.9.3-p194/gems/activerecord-3.2.1/lib/active_record/persistence.rb:44:in `new'
/Users/phil88530/.rvm/gems/ruby-1.9.3-p194/gems/activerecord-3.2.1/lib/active_record/persistence.rb:44:in `create'
/Users/phil88530/.rvm/gems/ruby-1.9.3-p194/gems/activerecord-3.2.1/lib/active_record/persistence.rb:42:in `block in create'
/Users/phil88530/.rvm/gems/ruby-1.9.3-p194/gems/activerecord-3.2.1/lib/active_record/persistence.rb:42:in `collect'
/Users/phil88530/.rvm/gems/ruby-1.9.3-p194/gems/activerecord-3.2.1/lib/active_record/persistence.rb:42:in `create'
/Users/phil88530/Desktop/ruby/HouseSearcher/db/seeds.rb:9:in `<top (required)>'
/Users/phil88530/.rvm/gems/ruby-1.9.3-p194/gems/activesupport-3.2.1/lib/active_support/dependencies.rb:245:in `load'
/Users/phil88530/.rvm/gems/ruby-1.9.3-p194/gems/activesupport-3.2.1/lib/active_support/dependencies.rb:245:in `block in load'
/Users/phil88530/.rvm/gems/ruby-1.9.3-p194/gems/activesupport-3.2.1/lib/active_support/dependencies.rb:236:in `load_dependency'
/Users/phil88530/.rvm/gems/ruby-1.9.3-p194/gems/activesupport-3.2.1/lib/active_support/dependencies.rb:245:in `load'
/Users/phil88530/.rvm/gems/ruby-1.9.3-p194/gems/railties-3.2.1/lib/rails/engine.rb:520:in `load_seed'
/Users/phil88530/.rvm/gems/ruby-1.9.3-p194/gems/activerecord-3.2.1/lib/active_record/railties/databases.rake:306:in `block (2 levels) in <top (required)>'
/Users/phil88530/.rvm/gems/ruby-1.9.3-p194/gems/rake-10.0.4/lib/rake/task.rb:246:in `call'
/Users/phil88530/.rvm/gems/ruby-1.9.3-p194/gems/rake-10.0.4/lib/rake/task.rb:246:in `block in execute'
/Users/phil88530/.rvm/gems/ruby-1.9.3-p194/gems/rake-10.0.4/lib/rake/task.rb:241:in `each'
/Users/phil88530/.rvm/gems/ruby-1.9.3-p194/gems/rake-10.0.4/lib/rake/task.rb:241:in `execute'
/Users/phil88530/.rvm/gems/ruby-1.9.3-p194/gems/rake-10.0.4/lib/rake/task.rb:184:in `block in invoke_with_call_chain'
/Users/phil88530/.rvm/gems/ruby-1.9.3-p194/gems/rake-10.0.4/lib/rake/task.rb:177:in `invoke_with_call_chain'
/Users/phil88530/.rvm/gems/ruby-1.9.3-p194/gems/rake-10.0.4/lib/rake/task.rb:170:in `invoke'
/Users/phil88530/.rvm/gems/ruby-1.9.3-p194/gems/rake-10.0.4/lib/rake/application.rb:143:in `invoke_task'
/Users/phil88530/.rvm/gems/ruby-1.9.3-p194/gems/rake-10.0.4/lib/rake/application.rb:101:in `block (2 levels) in top_level'
/Users/phil88530/.rvm/gems/ruby-1.9.3-p194/gems/rake-10.0.4/lib/rake/application.rb:101:in `each'
/Users/phil88530/.rvm/gems/ruby-1.9.3-p194/gems/rake-10.0.4/lib/rake/application.rb:101:in `block in top_level'
/Users/phil88530/.rvm/gems/ruby-1.9.3-p194/gems/rake-10.0.4/lib/rake/application.rb:110:in `run_with_threads'
/Users/phil88530/.rvm/gems/ruby-1.9.3-p194/gems/rake-10.0.4/lib/rake/application.rb:95:in `top_level'
/Users/phil88530/.rvm/gems/ruby-1.9.3-p194/gems/rake-10.0.4/lib/rake/application.rb:73:in `block in run'
/Users/phil88530/.rvm/gems/ruby-1.9.3-p194/gems/rake-10.0.4/lib/rake/application.rb:160:in `standard_exception_handling'
/Users/phil88530/.rvm/gems/ruby-1.9.3-p194/gems/rake-10.0.4/lib/rake/application.rb:70:in `run'
Tasks: TOP => db:seed
(See full trace by running task with --trace)
bash-3.2$ rake db:seed
DEPRECATION WARNING: You have Rails 2.3-style plugins in vendor/plugins! Support for these plugins will be removed in Rails 4.0. Move them out and bundle them in your Gemfile, or fold them in to your app as lib/myplugin/* and config/initializers/myplugin.rb. See the release notes for more on this: http://weblog.rubyonrails.org/2012/01/04/rails-3-2-0-rc2-has-been-released. (called from <top (required)> at /Users/phil88530/Desktop/ruby/HouseSearcher/Rakefile:7)
bash-3.2$ rails c
DEPRECATION WARNING: You have Rails 2.3-style plugins in vendor/plugins! Support for these plugins will be removed in Rails 4.0. Move them out and bundle them in your Gemfile, or fold them in to your app as lib/myplugin/* and config/initializers/myplugin.rb. See the release notes for more on this: http://weblog.rubyonrails.org/2012/01/04/rails-3-2-0-rc2-has-been-released. (called from <top (required)> at /Users/phil88530/Desktop/ruby/HouseSearcher/config/environment.rb:5)
^[[ALoading development environment (Rails 3.2.1)
1.9.3-p194 :001 > Property.first[19GGeocoder.search(51.523778,-0.205500)[19GProperty.first[K[19GGeocoder.search(51.523778,-0.205500)
NoMethodError: undefined method `[]' for -0.2055:Float
	from /Users/phil88530/.rvm/gems/ruby-1.9.3-p194/gems/geocoder-1.1.8/lib/geocoder/query.rb:100:in `params_given?'
	from /Users/phil88530/.rvm/gems/ruby-1.9.3-p194/gems/geocoder-1.1.8/lib/geocoder/query.rb:49:in `blank?'
	from /Users/phil88530/.rvm/gems/ruby-1.9.3-p194/gems/geocoder-1.1.8/lib/geocoder.rb:20:in `search'
	from (irb):1
	from /Users/phil88530/.rvm/gems/ruby-1.9.3-p194/gems/railties-3.2.1/lib/rails/commands/console.rb:47:in `start'
	from /Users/phil88530/.rvm/gems/ruby-1.9.3-p194/gems/railties-3.2.1/lib/rails/commands/console.rb:8:in `start'
	from /Users/phil88530/.rvm/gems/ruby-1.9.3-p194/gems/railties-3.2.1/lib/rails/commands.rb:41:in `<top (required)>'
	from script/rails:6:in `require'
	from script/rails:6:in `<main>'
1.9.3-p194 :002 > Geocoder.search(51.523778,-0.205500)[19GProperty.first[K
  [1m[36mProperty Load (0.8ms)[0m  [1mSELECT "properties".* FROM "properties" LIMIT 1[0m
 => #<Property id: 1, name: "Sizeable house", bedroom: 2, latitude: 51.501, longtitude: -0.142, created_at: "2013-05-17 21:26:45", updated_at: "2013-05-17 21:26:45"> 
1.9.3-p194 :003 > Property.first.near(10)
  [1m[35mProperty Load (0.4ms)[0m  SELECT "properties".* FROM "properties" LIMIT 1
NoMethodError: undefined method `near' for #<Property:0x007fb6edb22b08>
	from /Users/phil88530/.rvm/gems/ruby-1.9.3-p194/gems/activemodel-3.2.1/lib/active_model/attribute_methods.rb:407:in `method_missing'
	from /Users/phil88530/.rvm/gems/ruby-1.9.3-p194/gems/activerecord-3.2.1/lib/active_record/attribute_methods.rb:126:in `method_missing'
	from (irb):3
	from /Users/phil88530/.rvm/gems/ruby-1.9.3-p194/gems/railties-3.2.1/lib/rails/commands/console.rb:47:in `start'
	from /Users/phil88530/.rvm/gems/ruby-1.9.3-p194/gems/railties-3.2.1/lib/rails/commands/console.rb:8:in `start'
	from /Users/phil88530/.rvm/gems/ruby-1.9.3-p194/gems/railties-3.2.1/lib/rails/commands.rb:41:in `<top (required)>'
	from script/rails:6:in `require'
	from script/rails:6:in `<main>'
1.9.3-p194 :004 > Property.first.near(10)[K[K[K[K[K[K[K[K[K.location
  [1m[36mProperty Load (0.2ms)[0m  [1mSELECT "properties".* FROM "properties" LIMIT 1[0m
NoMethodError: undefined method `location' for #<Property:0x007fb6edb29980>
	from /Users/phil88530/.rvm/gems/ruby-1.9.3-p194/gems/activemodel-3.2.1/lib/active_model/attribute_methods.rb:407:in `method_missing'
	from /Users/phil88530/.rvm/gems/ruby-1.9.3-p194/gems/activerecord-3.2.1/lib/active_record/attribute_methods.rb:126:in `method_missing'
	from (irb):4
	from /Users/phil88530/.rvm/gems/ruby-1.9.3-p194/gems/railties-3.2.1/lib/rails/commands/console.rb:47:in `start'
	from /Users/phil88530/.rvm/gems/ruby-1.9.3-p194/gems/railties-3.2.1/lib/rails/commands/console.rb:8:in `start'
	from /Users/phil88530/.rvm/gems/ruby-1.9.3-p194/gems/railties-3.2.1/lib/rails/commands.rb:41:in `<top (required)>'
	from script/rails:6:in `require'
	from script/rails:6:in `<main>'
1.9.3-p194 :005 > Property.first.location[34Gnear(10)b(10)y(10)s(10)
  [1m[35mProperty Load (0.3ms)[0m  SELECT "properties".* FROM "properties" LIMIT 1
  [1m[36mProperty Load (0.4ms)[0m  [1mSELECT properties.*, (69.09332411348201 * ABS(properties.latitude - 51.501) * 0.7071067811865475) + (59.836573914187355 * ABS(properties.longtitude - -0.142) * 0.7071067811865475) AS distance, CASE WHEN (properties.latitude >= 51.501 AND properties.longtitude >= -0.142) THEN 45.0 WHEN (properties.latitude < 51.501 AND properties.longtitude >= -0.142) THEN 135.0 WHEN (properties.latitude < 51.501 AND properties.longtitude < -0.142) THEN 225.0 WHEN (properties.latitude >= 51.501 AND properties.longtitude < -0.142) THEN 315.0 END AS bearing FROM "properties" WHERE (properties.latitude BETWEEN 51.35626821688915 AND 51.64573178311085 AND properties.longtitude BETWEEN -0.37450049132912244 AND 0.0905004913291225 AND properties.id != 1) ORDER BY distance ASC[0m
 => [#<Property id: 3, name: "Flat with stunning view", bedroom: 2, latitude: 51.504444, longtitude: -0.086667, created_at: "2013-05-17 21:26:45", updated_at: "2013-05-17 21:26:45">, #<Property id: 2, name: "Trendy flat", bedroom: 2, latitude: 51.523778, longtitude: -0.2055, created_at: "2013-05-17 21:26:45", updated_at: "2013-05-17 21:26:45">, #<Property id: 4, name: "Unique flat", bedroom: 1, latitude: 51.538333, longtitude: -0.013333, created_at: "2013-05-17 21:26:45", updated_at: "2013-05-17 21:26:45">] 
1.9.3-p194 :006 > Property.first.nearbys(10)
  [1m[35mProperty Load (0.3ms)[0m  SELECT "properties".* FROM "properties" LIMIT 1
  [1m[36mProperty Load (0.5ms)[0m  [1mSELECT properties.*, (69.09332411348201 * ABS(properties.latitude - 51.501) * 0.7071067811865475) + (59.836573914187355 * ABS(properties.longtitude - -0.142) * 0.7071067811865475) AS distance, CASE WHEN (properties.latitude >= 51.501 AND properties.longtitude >= -0.142) THEN 45.0 WHEN (properties.latitude < 51.501 AND properties.longtitude >= -0.142) THEN 135.0 WHEN (properties.latitude < 51.501 AND properties.longtitude < -0.142) THEN 225.0 WHEN (properties.latitude >= 51.501 AND properties.longtitude < -0.142) THEN 315.0 END AS bearing FROM "properties" WHERE (properties.latitude BETWEEN 51.35626821688915 AND 51.64573178311085 AND properties.longtitude BETWEEN -0.37450049132912244 AND 0.0905004913291225 AND properties.id != 1) ORDER BY distance ASC[0m
 => [#<Property id: 3, name: "Flat with stunning view", bedroom: 2, latitude: 51.504444, longtitude: -0.086667, created_at: "2013-05-17 21:26:45", updated_at: "2013-05-17 21:26:45">, #<Property id: 2, name: "Trendy flat", bedroom: 2, latitude: 51.523778, longtitude: -0.2055, created_at: "2013-05-17 21:26:45", updated_at: "2013-05-17 21:26:45">, #<Property id: 4, name: "Unique flat", bedroom: 1, latitude: 51.538333, longtitude: -0.013333, created_at: "2013-05-17 21:26:45", updated_at: "2013-05-17 21:26:45">] 
1.9.3-p194 :007 > Property.first.nearbys(10)
  [1m[35mProperty Load (0.3ms)[0m  SELECT "properties".* FROM "properties" LIMIT 1
  [1m[36mProperty Load (0.4ms)[0m  [1mSELECT properties.*, (69.09332411348201 * ABS(properties.latitude - 51.501) * 0.7071067811865475) + (59.836573914187355 * ABS(properties.longtitude - -0.142) * 0.7071067811865475) AS distance, CASE WHEN (properties.latitude >= 51.501 AND properties.longtitude >= -0.142) THEN 45.0 WHEN (properties.latitude < 51.501 AND properties.longtitude >= -0.142) THEN 135.0 WHEN (properties.latitude < 51.501 AND properties.longtitude < -0.142) THEN 225.0 WHEN (properties.latitude >= 51.501 AND properties.longtitude < -0.142) THEN 315.0 END AS bearing FROM "properties" WHERE (properties.latitude BETWEEN 51.35626821688915 AND 51.64573178311085 AND properties.longtitude BETWEEN -0.37450049132912244 AND 0.0905004913291225 AND properties.id != 1) ORDER BY distance ASC[0m
 => [#<Property id: 3, name: "Flat with stunning view", bedroom: 2, latitude: 51.504444, longtitude: -0.086667, created_at: "2013-05-17 21:26:45", updated_at: "2013-05-17 21:26:45">, #<Property id: 2, name: "Trendy flat", bedroom: 2, latitude: 51.523778, longtitude: -0.2055, created_at: "2013-05-17 21:26:45", updated_at: "2013-05-17 21:26:45">, #<Property id: 4, name: "Unique flat", bedroom: 1, latitude: 51.538333, longtitude: -0.013333, created_at: "2013-05-17 21:26:45", updated_at: "2013-05-17 21:26:45">] 
1.9.3-p194 :008 > Property.first.nearbys(10)0)0)
  [1m[35mProperty Load (0.3ms)[0m  SELECT "properties".* FROM "properties" LIMIT 1
  [1m[36mProperty Load (0.5ms)[0m  [1mSELECT properties.*, (69.09332411348201 * ABS(properties.latitude - 51.501) * 0.7071067811865475) + (59.836573914187355 * ABS(properties.longtitude - -0.142) * 0.7071067811865475) AS distance, CASE WHEN (properties.latitude >= 51.501 AND properties.longtitude >= -0.142) THEN 45.0 WHEN (properties.latitude < 51.501 AND properties.longtitude >= -0.142) THEN 135.0 WHEN (properties.latitude < 51.501 AND properties.longtitude < -0.142) THEN 225.0 WHEN (properties.latitude >= 51.501 AND properties.longtitude < -0.142) THEN 315.0 END AS bearing FROM "properties" WHERE (properties.latitude BETWEEN 37.0278216889152 AND 65.9741783110848 AND properties.longtitude BETWEEN -23.39204913291225 AND 23.10804913291225 AND properties.id != 1) ORDER BY distance ASC[0m
 => [#<Property id: 3, name: "Flat with stunning view", bedroom: 2, latitude: 51.504444, longtitude: -0.086667, created_at: "2013-05-17 21:26:45", updated_at: "2013-05-17 21:26:45">, #<Property id: 2, name: "Trendy flat", bedroom: 2, latitude: 51.523778, longtitude: -0.2055, created_at: "2013-05-17 21:26:45", updated_at: "2013-05-17 21:26:45">, #<Property id: 4, name: "Unique flat", bedroom: 1, latitude: 51.538333, longtitude: -0.013333, created_at: "2013-05-17 21:26:45", updated_at: "2013-05-17 21:26:45">, #<Property id: 5, name: "Isolated house", bedroom: 1, latitude: 50.066944, longtitude: -5.746944, created_at: "2013-05-17 21:26:45", updated_at: "2013-05-17 21:26:45">] 
1.9.3-p194 :009 > Property.first.nearbys(1000)-)-)-))[K)[K)[K0)0)0)
  [1m[35mProperty Load (0.2ms)[0m  SELECT "properties".* FROM "properties" LIMIT 1
  [1m[36mProperty Load (0.5ms)[0m  [1mSELECT properties.*, (69.09332411348201 * ABS(properties.latitude - 51.501) * 0.7071067811865475) + (59.836573914187355 * ABS(properties.longtitude - -0.142) * 0.7071067811865475) AS distance, CASE WHEN (properties.latitude >= 51.501 AND properties.longtitude >= -0.142) THEN 45.0 WHEN (properties.latitude < 51.501 AND properties.longtitude >= -0.142) THEN 135.0 WHEN (properties.latitude < 51.501 AND properties.longtitude < -0.142) THEN 225.0 WHEN (properties.latitude >= 51.501 AND properties.longtitude < -0.142) THEN 315.0 END AS bearing FROM "properties" WHERE (properties.latitude BETWEEN -14421.677311084795 AND 14524.679311084796 AND properties.longtitude BETWEEN -23250.19113291225 AND 23249.90713291225 AND properties.id != 1) ORDER BY distance ASC[0m
 => [#<Property id: 3, name: "Flat with stunning view", bedroom: 2, latitude: 51.504444, longtitude: -0.086667, created_at: "2013-05-17 21:26:45", updated_at: "2013-05-17 21:26:45">, #<Property id: 2, name: "Trendy flat", bedroom: 2, latitude: 51.523778, longtitude: -0.2055, created_at: "2013-05-17 21:26:45", updated_at: "2013-05-17 21:26:45">, #<Property id: 4, name: "Unique flat", bedroom: 1, latitude: 51.538333, longtitude: -0.013333, created_at: "2013-05-17 21:26:45", updated_at: "2013-05-17 21:26:45">, #<Property id: 5, name: "Isolated house", bedroom: 1, latitude: 50.066944, longtitude: -5.746944, created_at: "2013-05-17 21:26:45", updated_at: "2013-05-17 21:26:45">] 
1.9.3-p194 :010 > Property.first.nearbys(1000000)-)-))[K)[K0)0)
  [1m[35mProperty Load (0.2ms)[0m  SELECT "properties".* FROM "properties" LIMIT 1
  [1m[36mProperty Load (0.5ms)[0m  [1mSELECT properties.*, (69.09332411348201 * ABS(properties.latitude - 51.501) * 0.7071067811865475) + (59.836573914187355 * ABS(properties.longtitude - -0.142) * 0.7071067811865475) AS distance, CASE WHEN (properties.latitude >= 51.501 AND properties.longtitude >= -0.142) THEN 45.0 WHEN (properties.latitude < 51.501 AND properties.longtitude >= -0.142) THEN 135.0 WHEN (properties.latitude < 51.501 AND properties.longtitude < -0.142) THEN 225.0 WHEN (properties.latitude >= 51.501 AND properties.longtitude < -0.142) THEN 315.0 END AS bearing FROM "properties" WHERE (properties.latitude BETWEEN -1447266.3301084796 AND 1447369.3321084795 AND properties.longtitude BETWEEN -2325005.0552912247 AND 2325004.7712912248 AND properties.id != 1) ORDER BY distance ASC[0m
 => [#<Property id: 3, name: "Flat with stunning view", bedroom: 2, latitude: 51.504444, longtitude: -0.086667, created_at: "2013-05-17 21:26:45", updated_at: "2013-05-17 21:26:45">, #<Property id: 2, name: "Trendy flat", bedroom: 2, latitude: 51.523778, longtitude: -0.2055, created_at: "2013-05-17 21:26:45", updated_at: "2013-05-17 21:26:45">, #<Property id: 4, name: "Unique flat", bedroom: 1, latitude: 51.538333, longtitude: -0.013333, created_at: "2013-05-17 21:26:45", updated_at: "2013-05-17 21:26:45">, #<Property id: 5, name: "Isolated house", bedroom: 1, latitude: 50.066944, longtitude: -5.746944, created_at: "2013-05-17 21:26:45", updated_at: "2013-05-17 21:26:45">] 
1.9.3-p194 :011 > Property.first.nearbys(100000000))[K)[K)[K
  [1m[35mProperty Load (0.3ms)[0m  SELECT "properties".* FROM "properties" LIMIT 1
  [1m[36mProperty Load (0.5ms)[0m  [1mSELECT properties.*, (69.09332411348201 * ABS(properties.latitude - 51.501) * 0.7071067811865475) + (59.836573914187355 * ABS(properties.longtitude - -0.142) * 0.7071067811865475) AS distance, CASE WHEN (properties.latitude >= 51.501 AND properties.longtitude >= -0.142) THEN 45.0 WHEN (properties.latitude < 51.501 AND properties.longtitude >= -0.142) THEN 135.0 WHEN (properties.latitude < 51.501 AND properties.longtitude < -0.142) THEN 225.0 WHEN (properties.latitude >= 51.501 AND properties.longtitude < -0.142) THEN 315.0 END AS bearing FROM "properties" WHERE (properties.latitude BETWEEN 51.35626821688915 AND 51.64573178311085 AND properties.longtitude BETWEEN -0.37450049132912244 AND 0.0905004913291225 AND properties.id != 1) ORDER BY distance ASC[0m
 => [#<Property id: 3, name: "Flat with stunning view", bedroom: 2, latitude: 51.504444, longtitude: -0.086667, created_at: "2013-05-17 21:26:45", updated_at: "2013-05-17 21:26:45">, #<Property id: 2, name: "Trendy flat", bedroom: 2, latitude: 51.523778, longtitude: -0.2055, created_at: "2013-05-17 21:26:45", updated_at: "2013-05-17 21:26:45">, #<Property id: 4, name: "Unique flat", bedroom: 1, latitude: 51.538333, longtitude: -0.013333, created_at: "2013-05-17 21:26:45", updated_at: "2013-05-17 21:26:45">] 
1.9.3-p194 :012 > ^D
bash-3.2$ ack g[Klongitude
[1;32mapp/models/property.rb[0m
[1;33m7[0m:     :[30;43mlongitude[0m => :longtitude[0m[K

[1;32mtest/fixtures/properties.yml[0m
[1;33m7[0m:  [30;43mlongitude[0m: 1.5[0m[K
[1;33m13[0m:  [30;43mlongitude[0m: 1.5[0m[K

[1;32mvendor/plugins/geokit-rails3/lib/geokit-rails3/acts_as_mappable.old.rb[0m
[1;33m10[0m:  #   1. a two-element array of latititude/[30;43mlongitude[0m -- :origin=>[37.792,-122.393][0m[K
[1;33m12[0m:  #   3. an object which responds to lat and lng methods, or latitude and [30;43mlongitude[0m methods,[0m[K
[1;33m309[0m:      # it.  If there is no origin, looks for latitude and [30;43mlongitude[0m values to [0m[K
[1;33m391[0m:        lng_degree_units = units_per_[30;43mlongitude[0m_degree(origin.lat, units)[0m[K

[1;32mvendor/plugins/geokit-rails3/lib/geokit-rails3/acts_as_mappable.rb[0m
[1;33m192[0m:      # it.  If there is no origin, looks for latitude and [30;43mlongitude[0m values to[0m[K
[1;33m272[0m:        lng_degree_units = units_per_[30;43mlongitude[0m_degree(origin.lat, units)[0m[K

[1;32mvendor/plugins/geokit-rails3/test/fixtures/custom_locations.yml[0m
[1;33m9[0m:  [30;43mlongitude[0m: -96.958444[0m[K
[1;33m18[0m:  [30;43mlongitude[0m: -96.958444[0m[K
[1;33m27[0m:  [30;43mlongitude[0m: -96.958444[0m[K
[1;33m36[0m:  [30;43mlongitude[0m: -96.958444[0m[K
[1;33m45[0m:  [30;43mlongitude[0m: -96.990159[0m[K
[1;33m54[0m:  [30;43mlongitude[0m: -96.958444[0m[K

[1;32mvendor/plugins/geokit-rails3/test/models/custom_location.rb[0m
[1;33m7[0m:                   :lng_column_name => '[30;43mlongitude[0m'[0m[K
[1;33m10[0m:    "lat: #{latitude} lng: #{[30;43mlongitude[0m} dist: #{dist}"[0m[K

[1;32mvendor/plugins/geokit-rails3/test/schema.rb[0m
[1;33m23[0m:    t.column :[30;43mlongitude[0m,   :decimal, :precision => 15, :scale => 10[0m[K
bash-3.2$ ack longtitude
[1;32mdb/migrate/20130516211428_create_properties.rb[0m
[1;33m7[0m:      t.float :[30;43mlongtitude[0m[0m[K

[1;32mdb/schema.rb[0m
[1;33m20[0m:    t.float    "[30;43mlongtitude[0m"[0m[K

[1;32mdb/seeds.rb[0m
[1;33m13[0m:  :[30;43mlongtitude[0m => -0.142000},[0m[K
[1;33m19[0m:  :[30;43mlongtitude[0m => -0.205500},[0m[K
[1;33m25[0m:  :[30;43mlongtitude[0m => -0.086667},[0m[K
[1;33m31[0m:  :[30;43mlongtitude[0m => -0.013333},[0m[K
[1;33m37[0m:  :[30;43mlongtitude[0m => -5.746944}[0m[K
bash-3.2$ rake db:drop
DEPRECATION WARNING: You have Rails 2.3-style plugins in vendor/plugins! Support for these plugins will be removed in Rails 4.0. Move them out and bundle them in your Gemfile, or fold them in to your app as lib/myplugin/* and config/initializers/myplugin.rb. See the release notes for more on this: http://weblog.rubyonrails.org/2012/01/04/rails-3-2-0-rc2-has-been-released. (called from <top (required)> at /Users/phil88530/Desktop/ruby/HouseSearcher/Rakefile:7)
Couldn't drop db/test.sqlite3 : #<Errno::ENOENT: No such file or directory - /Users/phil88530/Desktop/ruby/HouseSearcher/db/test.sqlite3>
bash-3.2$ bundle
Using rake (10.0.4) 
Using i18n (0.6.0) 
Using multi_json (1.1.0) 
Using activesupport (3.2.1) 
Using builder (3.0.0) 
Using activemodel (3.2.1) 
Using erubis (2.7.0) 
Using journey (1.0.3) 
Using rack (1.4.1) 
Using rack-cache (1.1) 
Using rack-test (0.6.1) 
Using hike (1.2.1) 
Using tilt (1.3.3) 
Using sprockets (2.1.2) 
Using actionpack (3.2.1) 
Using mime-types (1.17.2) 
Using polyglot (0.3.3) 
Using treetop (1.4.10) 
Using mail (2.4.1) 
Using actionmailer (3.2.1) 
Using arel (3.0.2) 
Using tzinfo (0.3.31) 
Using activerecord (3.2.1) 
Using activeresource (3.2.1) 
Using daemons (1.1.8) 
Using eventmachine (0.12.10) 
Using execjs (1.3.0) 
Using geocoder (1.1.8) 
Using haml (3.1.4) 
Using rack-ssl (1.3.2) 
Using json (1.6.5) 
Using rdoc (3.12) 
Using thor (0.14.6) 
Using railties (3.2.1) 
Using haml-rails (0.3.4) 
Using pg (0.13.2) 
Using bundler (1.3.5) 
Using rails (3.2.1) 
Using sass (3.1.15) 
Using sass-rails (3.2.4) 
Using sqlite3 (1.3.5) 
Using thin (1.3.1) 
Using uglifier (1.2.3) 
[32mYour bundle is complete![0m
[32mUse `bundle show [gemname]` to see where a bundled gem is installed.[0m
bash-3.2$ bundlerake db:drop[K[K[K[Kmigrate
DEPRECATION WARNING: You have Rails 2.3-style plugins in vendor/plugins! Support for these plugins will be removed in Rails 4.0. Move them out and bundle them in your Gemfile, or fold them in to your app as lib/myplugin/* and config/initializers/myplugin.rb. See the release notes for more on this: http://weblog.rubyonrails.org/2012/01/04/rails-3-2-0-rc2-has-been-released. (called from <top (required)> at /Users/phil88530/Desktop/ruby/HouseSearcher/Rakefile:7)
==  CreateProperties: migrating ===============================================
-- create_table(:properties)
   -> 0.0013s
==  CreateProperties: migrated (0.0014s) ======================================

bash-3.2$ rake db:seed
DEPRECATION WARNING: You have Rails 2.3-style plugins in vendor/plugins! Support for these plugins will be removed in Rails 4.0. Move them out and bundle them in your Gemfile, or fold them in to your app as lib/myplugin/* and config/initializers/myplugin.rb. See the release notes for more on this: http://weblog.rubyonrails.org/2012/01/04/rails-3-2-0-rc2-has-been-released. (called from <top (required)> at /Users/phil88530/Desktop/ruby/HouseSearcher/Rakefile:7)
bash-3.2$ ack longi[Kit[K[Ktitude
bash-3.2$ ;s
bash: syntax error near unexpected token `;'
bash-3.2$ ;s
bash: syntax error near unexpected token `;'
bash-3.2$ c d[K[Kd app/
bash-3.2$ ;s
bash: syntax error near unexpected token `;'
bash-3.2$ ls
assets		controllers	helpers		mailers		models		views
bash-3.2$ cd controllers/
bash-3.2$ git st
# On branch master
# Changes not staged for commit:
#   (use "git add <file>..." to update what will be committed)
#   (use "git checkout -- <file>..." to discard changes in working directory)
#
#	[31mmodified:   ../Gemfile[m
#	[31mmodified:   controllers/properties_controller.rb[m
#	[31mmodified:   models/property.rb[m
#	[31mmodified:   views/properties/index.html.haml[m
#	[31mmodified:   views/properties/search_property.html.haml[m
#	[31mmodified:   views/properties/show.html.haml[m
#
# Untracked files:
#   (use "git add <file>..." to include in what will be committed)
#
#	[31mviews/properties/_nearby_properties.html.haml[m
#	[31mviews/properties/_search_form.html.haml[m
#	[31m../plugin[m
#	[31m../ruby[m
#	[31m../typescript[m
#	[31m../vendor/plugins/geokit-rails3/[m
no changes added to commit (use "git add" and/or "git commit -a")
bash-3.2$ git add .
bash-3.2$ git st
# On branch master
# Changes to be committed:
#   (use "git reset HEAD <file>..." to unstage)
#
#	[32mmodified:   controllers/properties_controller.rb[m
#	[32mmodified:   models/property.rb[m
#	[32mnew file:   views/properties/_nearby_properties.html.haml[m
#	[32mnew file:   views/properties/_search_form.html.haml[m
#	[32mmodified:   views/properties/index.html.haml[m
#	[32mmodified:   views/properties/search_property.html.haml[m
#	[32mmodified:   views/properties/show.html.haml[m
#
# Changes not staged for commit:
#   (use "git add <file>..." to update what will be committed)
#   (use "git checkout -- <file>..." to discard changes in working directory)
#
#	[31mmodified:   ../Gemfile[m
#
# Untracked files:
#   (use "git add <file>..." to include in what will be committed)
#
#	[31m../plugin[m
#	[31m../ruby[m
#	[31m../typescript[m
#	[31m../vendor/plugins/geokit-rails3/[m
bash-3.2$ git ci [K[K[K[K[K[K[Kcd ..
bash-3.2$ git st
# On branch master
# Changes to be committed:
#   (use "git reset HEAD <file>..." to unstage)
#
#	[32mmodified:   app/controllers/properties_controller.rb[m
#	[32mmodified:   app/models/property.rb[m
#	[32mnew file:   app/views/properties/_nearby_properties.html.haml[m
#	[32mnew file:   app/views/properties/_search_form.html.haml[m
#	[32mmodified:   app/views/properties/index.html.haml[m
#	[32mmodified:   app/views/properties/search_property.html.haml[m
#	[32mmodified:   app/views/properties/show.html.haml[m
#
# Changes not staged for commit:
#   (use "git add <file>..." to update what will be committed)
#   (use "git checkout -- <file>..." to discard changes in working directory)
#
#	[31mmodified:   Gemfile[m
#
# Untracked files:
#   (use "git add <file>..." to include in what will be committed)
#
#	[31mplugin[m
#	[31mruby[m
#	[31mtypescript[m
#	[31mvendor/plugins/geokit-rails3/[m
bash-3.2$ git add .
bash-3.2$ git st
# On branch master
# Changes to be committed:
#   (use "git reset HEAD <file>..." to unstage)
#
#	[32mmodified:   Gemfile[m
#	[32mmodified:   app/controllers/properties_controller.rb[m
#	[32mmodified:   app/models/property.rb[m
#	[32mnew file:   app/views/properties/_nearby_properties.html.haml[m
#	[32mnew file:   app/views/properties/_search_form.html.haml[m
#	[32mmodified:   app/views/properties/index.html.haml[m
#	[32mmodified:   app/views/properties/search_property.html.haml[m
#	[32mmodified:   app/views/properties/show.html.haml[m
#	[32mnew file:   plugin[m
#	[32mnew file:   ruby[m
#	[32mnew file:   typescript[m
#	[32mnew file:   vendor/plugins/geokit-rails3/CHANGELOG.rdoc[m
#	[32mnew file:   vendor/plugins/geokit-rails3/CONFIG.markdown[m
#	[32mnew file:   vendor/plugins/geokit-rails3/Gemfile[m
#	[32mnew file:   vendor/plugins/geokit-rails3/MIT-LICENSE[m
#	[32mnew file:   vendor/plugins/geokit-rails3/README.markdown[m
#	[32mnew file:   vendor/plugins/geokit-rails3/Rakefile[m
#	[32mnew file:   vendor/plugins/geokit-rails3/geokit-rails3.gemspec[m
#	[32mnew file:   vendor/plugins/geokit-rails3/lib/geokit-rails3.rb[m
#	[32mnew file:   vendor/plugins/geokit-rails3/lib/geokit-rails3/acts_as_mappable.old.rb[m
#	[32mnew file:   vendor/plugins/geokit-rails3/lib/geokit-rails3/acts_as_mappable.rb[m
#	[32mnew file:   vendor/plugins/geokit-rails3/lib/geokit-rails3/adapters/abstract.rb[m
#	[32mnew file:   vendor/plugins/geokit-rails3/lib/geokit-rails3/adapters/mysql.rb[m
#	[32mnew file:   vendor/plugins/geokit-rails3/lib/geokit-rails3/adapters/mysql2.rb[m
#	[32mnew file:   vendor/plugins/geokit-rails3/lib/geokit-rails3/adapters/postgresql.rb[m
#	[32mnew file:   vendor/plugins/geokit-rails3/lib/geokit-rails3/adapters/sqlite.rb[m
#	[32mnew file:   vendor/plugins/geokit-rails3/lib/geokit-rails3/adapters/sqlserver.rb[m
#	[32mnew file:   vendor/plugins/geokit-rails3/lib/geokit-rails3/core_extensions.rb[m
#	[32mnew file:   vendor/plugins/geokit-rails3/lib/geokit-rails3/defaults.rb[m
#	[32mnew file:   vendor/plugins/geokit-rails3/lib/geokit-rails3/geocoder_control.rb[m
#	[32mnew file:   vendor/plugins/geokit-rails3/lib/geokit-rails3/ip_geocode_lookup.rb[m
#	[32mnew file:   vendor/plugins/geokit-rails3/lib/geokit-rails3/railtie.rb[m
#	[32mnew file:   vendor/plugins/geokit-rails3/lib/geokit-rails3/version.rb[m
#	[32mnew file:   vendor/plugins/geokit-rails3/test/acts_as_mappable_test.rb[m
#	[32mnew file:   vendor/plugins/geokit-rails3/test/boot.rb[m
#	[32mnew file:   vendor/plugins/geokit-rails3/test/database.yml[m
#	[32mnew file:   vendor/plugins/geokit-rails3/test/fixtures/companies.yml[m
#	[32mnew file:   vendor/plugins/geokit-rails3/test/fixtures/custom_locations.yml[m
#	[32mnew file:   vendor/plugins/geokit-rails3/test/fixtures/locations.yml[m
#	[32mnew file:   vendor/plugins/geokit-rails3/test/fixtures/mock_addresses.yml[m
#	[32mnew file:   vendor/plugins/geokit-rails3/test/fixtures/mock_families.yml[m
#	[32mnew file:   vendor/plugins/geokit-rails3/test/fixtures/mock_houses.yml[m
#	[32mnew file:   vendor/plugins/geokit-rails3/test/fixtures/mock_organizations.yml[m
#	[32mnew file:   vendor/plugins/geokit-rails3/test/fixtures/mock_people.yml[m
#	[32mnew file:   vendor/plugins/geokit-rails3/test/fixtures/stores.yml[m
#	[32mnew file:   vendor/plugins/geokit-rails3/test/ip_geocode_lookup_test.disabled.rb[m
#	[32mnew file:   vendor/plugins/geokit-rails3/test/models/company.rb[m
#	[32mnew file:   vendor/plugins/geokit-rails3/test/models/custom_location.rb[m
#	[32mnew file:   vendor/plugins/geokit-rails3/test/models/location.rb[m
#	[32mnew file:   vendor/plugins/geokit-rails3/test/models/mock_address.rb[m
#	[32mnew file:   vendor/plugins/geokit-rails3/test/models/mock_family.rb[m
#	[32mnew file:   vendor/plugins/geokit-rails3/test/models/mock_house.rb[m
#	[32mnew file:   vendor/plugins/geokit-rails3/test/models/mock_organization.rb[m
#	[32mnew file:   vendor/plugins/geokit-rails3/test/models/mock_person.rb[m
#	[32mnew file:   vendor/plugins/geokit-rails3/test/models/store.rb[m
#	[32mnew file:   vendor/plugins/geokit-rails3/test/schema.rb[m
#	[32mnew file:   vendor/plugins/geokit-rails3/test/tasks.rake[m
#	[32mnew file:   vendor/plugins/geokit-rails3/test/test_helper.rb[m
#
bash-3.2$ git ci -m ""a"d"d"e"d" "g"e"o"c"o"d"e"r" "a"n"d" "i"m"p"l"e"m"e"n"t"e"d" "g"e"o" "s"e"a"r"c"h" "f"o"r" "p"r"o"p"e"r"t"i"e"s"
[master 31749de] added geocoder and implemented geo search for properties
 56 files changed, 3429 insertions(+), 40 deletions(-)
 create mode 100644 app/views/properties/_nearby_properties.html.haml
 create mode 100644 app/views/properties/_search_form.html.haml
 create mode 100644 plugin
 create mode 100644 ruby
 create mode 100644 typescript
 create mode 100644 vendor/plugins/geokit-rails3/CHANGELOG.rdoc
 create mode 100644 vendor/plugins/geokit-rails3/CONFIG.markdown
 create mode 100644 vendor/plugins/geokit-rails3/Gemfile
 create mode 100644 vendor/plugins/geokit-rails3/MIT-LICENSE
 create mode 100644 vendor/plugins/geokit-rails3/README.markdown
 create mode 100644 vendor/plugins/geokit-rails3/Rakefile
 create mode 100644 vendor/plugins/geokit-rails3/geokit-rails3.gemspec
 create mode 100644 vendor/plugins/geokit-rails3/lib/geokit-rails3.rb
 create mode 100644 vendor/plugins/geokit-rails3/lib/geokit-rails3/acts_as_mappable.old.rb
 create mode 100644 vendor/plugins/geokit-rails3/lib/geokit-rails3/acts_as_mappable.rb
 create mode 100644 vendor/plugins/geokit-rails3/lib/geokit-rails3/adapters/abstract.rb
 create mode 100644 vendor/plugins/geokit-rails3/lib/geokit-rails3/adapters/mysql.rb
 create mode 100644 vendor/plugins/geokit-rails3/lib/geokit-rails3/adapters/mysql2.rb
 create mode 100644 vendor/plugins/geokit-rails3/lib/geokit-rails3/adapters/postgresql.rb
 create mode 100644 vendor/plugins/geokit-rails3/lib/geokit-rails3/adapters/sqlite.rb
 create mode 100644 vendor/plugins/geokit-rails3/lib/geokit-rails3/adapters/sqlserver.rb
 create mode 100644 vendor/plugins/geokit-rails3/lib/geokit-rails3/core_extensions.rb
 create mode 100644 vendor/plugins/geokit-rails3/lib/geokit-rails3/defaults.rb
 create mode 100644 vendor/plugins/geokit-rails3/lib/geokit-rails3/geocoder_control.rb
 create mode 100644 vendor/plugins/geokit-rails3/lib/geokit-rails3/ip_geocode_lookup.rb
 create mode 100644 vendor/plugins/geokit-rails3/lib/geokit-rails3/railtie.rb
 create mode 100644 vendor/plugins/geokit-rails3/lib/geokit-rails3/version.rb
 create mode 100644 vendor/plugins/geokit-rails3/test/acts_as_mappable_test.rb
 create mode 100644 vendor/plugins/geokit-rails3/test/boot.rb
 create mode 100644 vendor/plugins/geokit-rails3/test/database.yml
 create mode 100644 vendor/plugins/geokit-rails3/test/fixtures/companies.yml
 create mode 100644 vendor/plugins/geokit-rails3/test/fixtures/custom_locations.yml
 create mode 100644 vendor/plugins/geokit-rails3/test/fixtures/locations.yml
 create mode 100644 vendor/plugins/geokit-rails3/test/fixtures/mock_addresses.yml
 create mode 100644 vendor/plugins/geokit-rails3/test/fixtures/mock_families.yml
 create mode 100644 vendor/plugins/geokit-rails3/test/fixtures/mock_houses.yml
 create mode 100644 vendor/plugins/geokit-rails3/test/fixtures/mock_organizations.yml
 create mode 100644 vendor/plugins/geokit-rails3/test/fixtures/mock_people.yml
 create mode 100644 vendor/plugins/geokit-rails3/test/fixtures/stores.yml
 create mode 100644 vendor/plugins/geokit-rails3/test/ip_geocode_lookup_test.disabled.rb
 create mode 100644 vendor/plugins/geokit-rails3/test/models/company.rb
 create mode 100644 vendor/plugins/geokit-rails3/test/models/custom_location.rb
 create mode 100644 vendor/plugins/geokit-rails3/test/models/location.rb
 create mode 100644 vendor/plugins/geokit-rails3/test/models/mock_address.rb
 create mode 100644 vendor/plugins/geokit-rails3/test/models/mock_family.rb
 create mode 100644 vendor/plugins/geokit-rails3/test/models/mock_house.rb
 create mode 100644 vendor/plugins/geokit-rails3/test/models/mock_organization.rb
 create mode 100644 vendor/plugins/geokit-rails3/test/models/mock_person.rb
 create mode 100644 vendor/plugins/geokit-rails3/test/models/store.rb
 create mode 100644 vendor/plugins/geokit-rails3/test/schema.rb
 create mode 100644 vendor/plugins/geokit-rails3/test/tasks.rake
 create mode 100644 vendor/plugins/geokit-rails3/test/test_helper.rb
bash-3.2$ git push origin HEAD
Counting objects: 107, done.
Delta compression using up to 4 threads.
Compressing objects:   1% (1/85)   Compressing objects:   2% (2/85)   Compressing objects:   3% (3/85)   Compressing objects:   4% (4/85)   Compressing objects:   5% (5/85)   Compressing objects:   7% (6/85)   Compressing objects:   8% (7/85)   Compressing objects:   9% (8/85)   Compressing objects:  10% (9/85)   Compressing objects:  11% (10/85)   Compressing objects:  12% (11/85)   Compressing objects:  14% (12/85)   Compressing objects:  15% (13/85)   Compressing objects:  16% (14/85)   Compressing objects:  17% (15/85)   Compressing objects:  18% (16/85)   Compressing objects:  20% (17/85)   Compressing objects:  21% (18/85)   Compressing objects:  22% (19/85)   Compressing objects:  23% (20/85)   Compressing objects:  24% (21/85)   Compressing objects:  25% (22/85)   Compressing objects:  27% (23/85)   Compressing objects:  28% (24/85)   Compressing objects:  29% (25/85)   Compressing objects:  30% (26/85)   Compressing objects:  31% (27/85)   Compressing objects:  32% (28/85)   Compressing objects:  34% (29/85)   Compressing objects:  35% (30/85)   Compressing objects:  36% (31/85)   Compressing objects:  37% (32/85)   Compressing objects:  38% (33/85)   Compressing objects:  40% (34/85)   Compressing objects:  41% (35/85)   Compressing objects:  42% (36/85)   Compressing objects:  43% (37/85)   Compressing objects:  44% (38/85)   Compressing objects:  45% (39/85)   Compressing objects:  47% (40/85)   Compressing objects:  48% (41/85)   Compressing objects:  49% (42/85)   Compressing objects:  50% (43/85)   Compressing objects:  51% (44/85)   Compressing objects:  52% (45/85)   Compressing objects:  54% (46/85)   Compressing objects:  55% (47/85)   Compressing objects:  56% (48/85)   Compressing objects:  57% (49/85)   Compressing objects:  58% (50/85)   Compressing objects:  60% (51/85)   Compressing objects:  61% (52/85)   Compressing objects:  62% (53/85)   Compressing objects:  63% (54/85)   Compressing objects:  64% (55/85)   Compressing objects:  65% (56/85)   Compressing objects:  67% (57/85)   Compressing objects:  68% (58/85)   Compressing objects:  69% (59/85)   Compressing objects:  70% (60/85)   Compressing objects:  71% (61/85)   Compressing objects:  72% (62/85)   Compressing objects:  74% (63/85)   Compressing objects:  75% (64/85)   Compressing objects:  76% (65/85)   Compressing objects:  77% (66/85)   Compressing objects:  78% (67/85)   Compressing objects:  80% (68/85)   Compressing objects:  81% (69/85)   Compressing objects:  82% (70/85)   Compressing objects:  83% (71/85)   Compressing objects:  84% (72/85)   Compressing objects:  85% (73/85)   Compressing objects:  87% (74/85)   Compressing objects:  88% (75/85)   Compressing objects:  89% (76/85)   Compressing objects:  90% (77/85)   Compressing objects:  91% (78/85)   Compressing objects:  92% (79/85)   Compressing objects:  94% (80/85)   Compressing objects:  95% (81/85)   Compressing objects:  96% (82/85)   Compressing objects:  97% (83/85)   Compressing objects:  98% (84/85)   Compressing objects: 100% (85/85)   Compressing objects: 100% (85/85), done.
Writing objects:   1% (1/89)   Writing objects:   2% (2/89)   Writing objects:   3% (3/89)   Writing objects:   5% (5/89)   Writing objects:   6% (6/89)   Writing objects:   7% (7/89)   Writing objects:   8% (8/89)   Writing objects:  10% (9/89)   Writing objects:  11% (10/89)   Writing objects:  12% (11/89)   Writing objects:  13% (12/89)   Writing objects:  14% (13/89)   Writing objects:  15% (14/89)   Writing objects:  16% (15/89)   Writing objects:  17% (16/89)   Writing objects:  19% (17/89)   Writing objects:  20% (18/89)   Writing objects:  21% (19/89)   Writing objects:  22% (20/89)   Writing objects:  23% (21/89)   Writing objects:  24% (22/89)   Writing objects:  25% (23/89)   Writing objects:  26% (24/89)   Writing objects:  28% (25/89)   Writing objects:  29% (26/89)   Writing objects:  30% (27/89)   Writing objects:  31% (28/89)   Writing objects:  32% (29/89)   Writing objects:  33% (30/89)   Writing objects:  34% (31/89)   Writing objects:  35% (32/89)   Writing objects:  37% (33/89)   Writing objects:  38% (34/89)   Writing objects:  39% (35/89)   Writing objects:  40% (36/89)   Writing objects:  41% (37/89)   Writing objects:  43% (39/89)   Writing objects:  44% (40/89)   Writing objects:  46% (41/89)   Writing objects:  47% (42/89)   Writing objects:  49% (44/89)   Writing objects:  50% (45/89)   Writing objects:  51% (46/89)   Writing objects:  52% (47/89)   Writing objects:  53% (48/89)   Writing objects:  55% (49/89)   Writing objects:  56% (50/89)   Writing objects:  57% (51/89)   Writing objects:  58% (52/89)   Writing objects:  59% (53/89)   Writing objects:  60% (54/89)   Writing objects:  61% (55/89)   Writing objects:  62% (56/89)   Writing objects:  64% (57/89)   Writing objects:  65% (58/89)   Writing objects:  66% (59/89)   Writing objects:  67% (60/89)   Writing objects:  68% (61/89)   Writing objects:  69% (62/89)   Writing objects:  70% (63/89)   Writing objects:  71% (64/89)   Writing objects:  73% (65/89)   Writing objects:  74% (66/89)   Writing objects:  75% (67/89)   Writing objects:  76% (68/89)   Writing objects:  77% (69/89)   Writing objects:  78% (70/89)   Writing objects:  79% (71/89)   Writing objects:  80% (72/89)   Writing objects:  82% (73/89)   Writing objects:  83% (74/89)   Writing objects:  84% (75/89)   Writing objects:  85% (76/89)   Writing objects:  86% (77/89)   Writing objects:  87% (78/89)   Writing objects:  88% (79/89)   Writing objects:  89% (80/89)   Writing objects:  91% (81/89)   Writing objects:  92% (82/89)   Writing objects:  93% (83/89)   Writing objects:  94% (84/89)   Writing objects:  95% (85/89)   Writing objects:  96% (86/89)   Writing objects:  97% (87/89)   Writing objects:  98% (88/89)   Writing objects: 100% (89/89)   Writing objects: 100% (89/89), 40.01 KiB, done.
Total 89 (delta 22), reused 0 (delta 0)
To https://github.com/phil88530/HouseSearch.git
   2612046..31749de  HEAD -> master
bash-3.2$ git st
# On branch master
# Changes not staged for commit:
#   (use "git add <file>..." to update what will be committed)
#   (use "git checkout -- <file>..." to discard changes in working directory)
#
#	[31mmodified:   app/controllers/properties_controller.rb[m
#	[31mmodified:   app/views/properties/show.html.haml[m
#	[31mmodified:   typescript[m
#
no changes added to commit (use "git add" and/or "git commit -a")
bash-3.2$ git c[Kadd .
bash-3.2$ git st
# On branch master
# Changes to be committed:
#   (use "git reset HEAD <file>..." to unstage)
#
#	[32mmodified:   app/controllers/properties_controller.rb[m
#	[32mmodified:   app/views/properties/show.html.haml[m
#	[32mmodified:   typescript[m
#
bash-3.2$ git ci -m ""a"d"d"e"d" "a" "f"a"s"t" "g"e"o"[1P"[1P"[1P"g"o"g"l"e" "m"a"p" "f"o"r" "[1P"[1P"[1P"[1P"[1P"[1P"[1P"[1P"[1P"[1P"[1P"[1P"o"g"l"e" "m"a"p"s" "f"i"r" "d"i"s"[1P"[1P"[1P"[1P"[1P"[1P"o"r" "d"i"s"p"l"a"y"
[master b0cfe7e] added a fast google maps for display
 3 files changed, 211 insertions(+), 2 deletions(-)
bash-3.2$ rails c
DEPRECATION WARNING: You have Rails 2.3-style plugins in vendor/plugins! Support for these plugins will be removed in Rails 4.0. Move them out and bundle them in your Gemfile, or fold them in to your app as lib/myplugin/* and config/initializers/myplugin.rb. See the release notes for more on this: http://weblog.rubyonrails.org/2012/01/04/rails-3-2-0-rc2-has-been-released. (called from <top (required)> at /Users/phil88530/Desktop/ruby/HouseSearcher/config/environment.rb:5)
Loading development environment (Rails 3.2.1)
1.9.3-p194 :001 > Property.all
  [1m[36mProperty Load (0.1ms)[0m  [1mSELECT "properties".* FROM "properties" [0m
 => [#<Property id: 1, name: "Sizeable house", bedroom: 2, latitude: 51.501, longitude: -0.142, created_at: "2013-05-17 21:33:00", updated_at: "2013-05-17 21:33:00">, #<Property id: 2, name: "Trendy flat", bedroom: 2, latitude: 51.523778, longitude: -0.2055, created_at: "2013-05-17 21:33:00", updated_at: "2013-05-17 21:33:00">, #<Property id: 3, name: "Flat with stunning view", bedroom: 2, latitude: 51.504444, longitude: -0.086667, created_at: "2013-05-17 21:33:00", updated_at: "2013-05-17 21:33:00">, #<Property id: 4, name: "Unique flat", bedroom: 1, latitude: 51.538333, longitude: -0.013333, created_at: "2013-05-17 21:33:00", updated_at: "2013-05-17 21:33:00">, #<Property id: 5, name: "Isolated house", bedroom: 1, latitude: 50.066944, longitude: -5.746944, created_at: "2013-05-17 21:33:00", updated_at: "2013-05-17 21:33:00">] 
1.9.3-p194 :002 > Property.all.class
  [1m[35mProperty Load (0.3ms)[0m  SELECT "properties".* FROM "properties" 
 => Array 
1.9.3-p194 :003 > 